// Vitest Snapshot v1, https://vitest.dev/guide/snapshot.html

exports[`Form Component > should matches snapshot 1`] = `
<div>
  <form
    class="space-y-8"
  >
    <div
      class="grid gap-2"
      data-slot="form-item"
    >
      <label
        class="flex items-center gap-2 text-sm leading-none font-medium select-none group-data-[disabled=true]:pointer-events-none group-data-[disabled=true]:opacity-50 peer-disabled:cursor-not-allowed peer-disabled:opacity-50 data-[error=true]:text-destructive-foreground"
        data-error="false"
        data-slot="form-label"
        for=":r6:-form-item"
      >
        Username
      </label>
      <input
        aria-describedby=":r6:-form-item-description"
        aria-invalid="false"
        data-slot="form-control"
        data-testid="username-input"
        id=":r6:-form-item"
        name="username"
        value=""
      />
    </div>
    <div
      class="grid gap-2"
      data-slot="form-item"
    >
      <label
        class="flex items-center gap-2 text-sm leading-none font-medium select-none group-data-[disabled=true]:pointer-events-none group-data-[disabled=true]:opacity-50 peer-disabled:cursor-not-allowed peer-disabled:opacity-50 data-[error=true]:text-destructive-foreground"
        data-error="false"
        data-slot="form-label"
        for=":r7:-form-item"
      >
        Email
      </label>
      <input
        aria-describedby=":r7:-form-item-description"
        aria-invalid="false"
        data-slot="form-control"
        data-testid="email-input"
        id=":r7:-form-item"
        name="email"
        value=""
      />
    </div>
    <button
      data-testid="submit-button"
      type="submit"
    >
      Submit
    </button>
  </form>
</div>
`;
