// Vitest Snapshot v1, https://vitest.dev/guide/snapshot.html

exports[`Sonner > should match snapshot 1`] = `
<div>
  <div
    class="toaster group"
    data-testid="mock-sonner"
    data-theme="light"
  >
    <div
      data-options="{"classNames":{"toast":"group toast group-[.toaster]:bg-background group-[.toaster]:text-foreground group-[.toaster]:border-border group-[.toaster]:shadow-lg","description":"group-[.toast]:text-muted-foreground","actionButton":"group-[.toast]:bg-primary group-[.toast]:text-primary-foreground font-medium","cancelButton":"group-[.toast]:bg-muted group-[.toast]:text-muted-foreground font-medium"}}"
      data-testid="toast-options"
    />
  </div>
</div>
`;
